[0528/013553.316:WARNING:angle_platform_impl.cc(48)] HLSLCompiler.cpp:257 (compileToBinary): 
C:\fakepath(102,1-6): warning X4000: use of potentially uninitialized variable (dyn_index_vec4_float4)

[0528/013553.523:WARNING:angle_platform_impl.cc(48)] HLSLCompiler.cpp:257 (compileToBinary): 
C:\fakepath(135,1): warning X4000: use of potentially uninitialized variable (f_i)
C:\fakepath(137,1): warning X4000: use of potentially uninitialized variable (f_i)
C:\fakepath(173,1): warning X4000: use of potentially uninitialized variable (f_u)

[0528/013553.800:WARNING:angle_platform_impl.cc(48)] HLSLCompiler.cpp:257 (compileToBinary): 
C:\fakepath(165,1): warning X4000: use of potentially uninitialized variable (f_renderMipMapLevel)

[0528/013553.813:WARNING:angle_platform_impl.cc(48)] HLSLCompiler.cpp:257 (compileToBinary): 
C:\fakepath(165,1): warning X4000: use of potentially uninitialized variable (f_renderMipMapLevel)

[0528/013553.816:WARNING:angle_platform_impl.cc(48)] HLSLCompiler.cpp:257 (compileToBinary): 
C:\fakepath(165,1): warning X4000: use of potentially uninitialized variable (f_renderMipMapLevel)

[0528/013554.196:ERROR:gl_utils.cc(314)] [.WebGL-000005E6D3412800] GL_INVALID_OPERATION: Two textures of different types use the same sampler location.
[0528/013554.196:ERROR:gl_utils.cc(314)] [.WebGL-000005E6D3412800] GL_INVALID_OPERATION: Two textures of different types use the same sampler location.
[0528/013554.196:ERROR:gl_utils.cc(314)] [.WebGL-000005E6D3412800] GL_INVALID_OPERATION: Two textures of different types use the same sampler location.
[0528/013554.196:ERROR:gl_utils.cc(314)] [.WebGL-000005E6D3412800] GL_INVALID_OPERATION: Two textures of different types use the same sampler location.
[0528/013554.196:ERROR:gl_utils.cc(314)] [.WebGL-000005E6D3412800] GL_INVALID_OPERATION: Two textures of different types use the same sampler location.
[0528/013554.196:ERROR:gl_utils.cc(314)] [.WebGL-000005E6D3412800] GL_INVALID_OPERATION: Two textures of different types use the same sampler location.
[0528/013554.196:ERROR:gl_utils.cc(314)] [.WebGL-000005E6D3412800] GL_INVALID_OPERATION: Two textures of different types use the same sampler location.
[0528/013554.196:ERROR:gl_utils.cc(314)] [.WebGL-000005E6D3412800] GL_INVALID_OPERATION: Two textures of different types use the same sampler location.
[0528/013554.196:ERROR:gl_utils.cc(314)] [.WebGL-000005E6D3412800] GL_INVALID_OPERATION: Two textures of different types use the same sampler location.
[0528/013554.196:ERROR:gl_utils.cc(314)] [.WebGL-000005E6D3412800] GL_INVALID_OPERATION: Two textures of different types use the same sampler location.
[0528/013554.196:ERROR:gl_utils.cc(314)] [.WebGL-000005E6D3412800] GL_INVALID_OPERATION: Two textures of different types use the same sampler location.
[0528/013554.196:ERROR:gl_utils.cc(314)] [.WebGL-000005E6D3412800] GL_INVALID_OPERATION: Two textures of different types use the same sampler location.
[0528/013554.196:ERROR:gl_utils.cc(314)] [.WebGL-000005E6D3412800] GL_INVALID_OPERATION: Two textures of different types use the same sampler location.
[0528/013554.196:ERROR:gl_utils.cc(314)] [.WebGL-000005E6D3412800] GL_INVALID_OPERATION: Two textures of different types use the same sampler location.
[0528/013554.196:ERROR:gl_utils.cc(314)] [.WebGL-000005E6D3412800] GL_INVALID_OPERATION: Two textures of different types use the same sampler location.
[0528/013554.196:ERROR:gl_utils.cc(314)] [.WebGL-000005E6D3412800] GL_INVALID_OPERATION: Two textures of different types use the same sampler location.
[0528/013554.196:ERROR:gl_utils.cc(314)] [.WebGL-000005E6D3412800] GL_INVALID_OPERATION: Two textures of different types use the same sampler location.
[0528/013554.196:ERROR:gl_utils.cc(314)] [.WebGL-000005E6D3412800] GL_INVALID_OPERATION: Two textures of different types use the same sampler location.
[0528/013554.196:ERROR:gl_utils.cc(314)] [.WebGL-000005E6D3412800] GL_INVALID_OPERATION: Two textures of different types use the same sampler location.
[0528/013554.196:ERROR:gl_utils.cc(314)] [.WebGL-000005E6D3412800] GL_INVALID_OPERATION: Two textures of different types use the same sampler location.
[0528/013554.196:ERROR:gl_utils.cc(314)] [.WebGL-000005E6D3412800] GL_INVALID_OPERATION: Two textures of different types use the same sampler location.
[0528/013554.196:ERROR:gl_utils.cc(314)] [.WebGL-000005E6D3412800] GL_INVALID_OPERATION: Two textures of different types use the same sampler location.
[0528/013554.196:ERROR:gl_utils.cc(314)] [.WebGL-000005E6D3412800] GL_INVALID_OPERATION: Two textures of different types use the same sampler location.
[0528/013554.196:ERROR:gl_utils.cc(314)] [.WebGL-000005E6D3412800] GL_INVALID_OPERATION: Two textures of different types use the same sampler location.
[0528/013554.197:ERROR:gl_utils.cc(314)] [.WebGL-000005E6D3412800] GL_INVALID_OPERATION: Two textures of different types use the same sampler location.
[0528/013554.197:ERROR:gl_utils.cc(314)] [.WebGL-000005E6D3412800] GL_INVALID_OPERATION: Two textures of different types use the same sampler location.
[0528/013554.197:ERROR:gl_utils.cc(314)] [.WebGL-000005E6D3412800] GL_INVALID_OPERATION: Two textures of different types use the same sampler location.
[0528/013554.197:ERROR:gl_utils.cc(314)] [.WebGL-000005E6D3412800] GL_INVALID_OPERATION: Two textures of different types use the same sampler location.
[0528/013554.197:ERROR:gl_utils.cc(314)] [.WebGL-000005E6D3412800] GL_INVALID_OPERATION: Two textures of different types use the same sampler location.
[0528/013554.197:ERROR:gl_utils.cc(314)] [.WebGL-000005E6D3412800] GL_INVALID_OPERATION: Two textures of different types use the same sampler location.
[0528/013554.197:ERROR:gl_utils.cc(314)] [.WebGL-000005E6D3412800] GL_INVALID_OPERATION: Two textures of different types use the same sampler location.
[0528/013554.197:ERROR:gl_utils.cc(314)] [.WebGL-000005E6D3412800] GL_INVALID_OPERATION: Two textures of different types use the same sampler location.
[0528/013554.197:ERROR:gl_utils.cc(314)] [.WebGL-000005E6D3412800] GL_INVALID_OPERATION: Two textures of different types use the same sampler location.
[0528/013554.197:ERROR:gl_utils.cc(314)] [.WebGL-000005E6D3412800] GL_INVALID_OPERATION: Two textures of different types use the same sampler location.
[0528/013554.250:ERROR:gl_utils.cc(314)] [.WebGL-000005E6D3412800] GL_INVALID_OPERATION: Two textures of different types use the same sampler location.
[0528/013554.250:ERROR:gl_utils.cc(314)] [.WebGL-000005E6D3412800] GL_INVALID_OPERATION: Two textures of different types use the same sampler location.
[0528/013554.250:ERROR:gl_utils.cc(314)] [.WebGL-000005E6D3412800] GL_INVALID_OPERATION: Two textures of different types use the same sampler location.
[0528/013554.250:ERROR:gl_utils.cc(314)] [.WebGL-000005E6D3412800] GL_INVALID_OPERATION: Two textures of different types use the same sampler location.
[0528/013554.250:ERROR:gl_utils.cc(314)] [.WebGL-000005E6D3412800] GL_INVALID_OPERATION: Two textures of different types use the same sampler location.
[0528/013554.250:ERROR:gl_utils.cc(314)] [.WebGL-000005E6D3412800] GL_INVALID_OPERATION: Two textures of different types use the same sampler location.
[0528/013554.250:ERROR:gl_utils.cc(314)] [.WebGL-000005E6D3412800] GL_INVALID_OPERATION: Two textures of different types use the same sampler location.
[0528/013554.250:ERROR:gl_utils.cc(314)] [.WebGL-000005E6D3412800] GL_INVALID_OPERATION: Two textures of different types use the same sampler location.
[0528/013554.250:ERROR:gl_utils.cc(314)] [.WebGL-000005E6D3412800] GL_INVALID_OPERATION: Two textures of different types use the same sampler location.
[0528/013554.250:ERROR:gl_utils.cc(314)] [.WebGL-000005E6D3412800] GL_INVALID_OPERATION: Two textures of different types use the same sampler location.
[0528/013554.250:ERROR:gl_utils.cc(314)] [.WebGL-000005E6D3412800] GL_INVALID_OPERATION: Two textures of different types use the same sampler location.
[0528/013554.250:ERROR:gl_utils.cc(314)] [.WebGL-000005E6D3412800] GL_INVALID_OPERATION: Two textures of different types use the same sampler location.
[0528/013554.250:ERROR:gl_utils.cc(314)] [.WebGL-000005E6D3412800] GL_INVALID_OPERATION: Two textures of different types use the same sampler location.
[0528/013554.251:ERROR:gl_utils.cc(314)] [.WebGL-000005E6D3412800] GL_INVALID_OPERATION: Two textures of different types use the same sampler location.
[0528/013554.251:ERROR:gl_utils.cc(314)] [.WebGL-000005E6D3412800] GL_INVALID_OPERATION: Two textures of different types use the same sampler location.
[0528/013554.251:ERROR:gl_utils.cc(314)] [.WebGL-000005E6D3412800] GL_INVALID_OPERATION: Two textures of different types use the same sampler location.
[0528/013554.251:ERROR:gl_utils.cc(314)] [.WebGL-000005E6D3412800] GL_INVALID_OPERATION: Two textures of different types use the same sampler location.
[0528/013554.251:ERROR:gl_utils.cc(314)] [.WebGL-000005E6D3412800] GL_INVALID_OPERATION: Two textures of different types use the same sampler location.
[0528/013554.251:ERROR:gl_utils.cc(314)] [.WebGL-000005E6D3412800] GL_INVALID_OPERATION: Two textures of different types use the same sampler location.
[0528/013554.251:ERROR:gl_utils.cc(314)] [.WebGL-000005E6D3412800] GL_INVALID_OPERATION: Two textures of different types use the same sampler location.
[0528/013554.251:ERROR:gl_utils.cc(314)] [.WebGL-000005E6D3412800] GL_INVALID_OPERATION: Two textures of different types use the same sampler location.
[0528/013554.251:ERROR:gl_utils.cc(314)] [.WebGL-000005E6D3412800] GL_INVALID_OPERATION: Two textures of different types use the same sampler location.
[0528/013554.251:ERROR:gl_utils.cc(314)] [.WebGL-000005E6D3412800] GL_INVALID_OPERATION: Two textures of different types use the same sampler location.
[0528/013554.251:ERROR:gl_utils.cc(314)] [.WebGL-000005E6D3412800] GL_INVALID_OPERATION: Two textures of different types use the same sampler location.
[0528/013554.251:ERROR:gl_utils.cc(314)] [.WebGL-000005E6D3412800] GL_INVALID_OPERATION: Two textures of different types use the same sampler location.
[0528/013554.251:ERROR:gl_utils.cc(314)] [.WebGL-000005E6D3412800] GL_INVALID_OPERATION: Two textures of different types use the same sampler location.
[0528/013554.251:ERROR:gl_utils.cc(314)] [.WebGL-000005E6D3412800] GL_INVALID_OPERATION: Two textures of different types use the same sampler location.
[0528/013554.251:ERROR:gl_utils.cc(314)] [.WebGL-000005E6D3412800] GL_INVALID_OPERATION: Two textures of different types use the same sampler location.
[0528/013554.251:ERROR:gl_utils.cc(314)] [.WebGL-000005E6D3412800] GL_INVALID_OPERATION: Two textures of different types use the same sampler location.
[0528/013554.251:ERROR:gl_utils.cc(314)] [.WebGL-000005E6D3412800] GL_INVALID_OPERATION: Two textures of different types use the same sampler location.
[0528/013554.251:ERROR:gl_utils.cc(314)] [.WebGL-000005E6D3412800] GL_INVALID_OPERATION: Two textures of different types use the same sampler location.
[0528/013554.251:ERROR:gl_utils.cc(314)] [.WebGL-000005E6D3412800] GL_INVALID_OPERATION: Two textures of different types use the same sampler location.
[0528/013554.251:ERROR:gl_utils.cc(314)] [.WebGL-000005E6D3412800] GL_INVALID_OPERATION: Two textures of different types use the same sampler location.
[0528/013554.251:ERROR:gl_utils.cc(314)] [.WebGL-000005E6D3412800] GL_INVALID_OPERATION: Two textures of different types use the same sampler location.
[0528/013600.303:ERROR:gpu_init.cc(426)] Passthrough is not supported, GL is disabled
